/**
 * Copy 2015 me.
 */

package main01;

// brackets under
// lines ending with spaces
// empty lines

public class Main01 {

    public static void main(String[] args) {
        System.out.println("hello");
    }
}
